  console.log
    Loading Mock Data Source

      at Object.<anonymous> (tests/mockDataSource.ts:1:9)

  console.log
    [dotenv@17.2.3] injecting env (16) from .env -- tip: ΓÜÖ∩╕Å  enable debug logging with { debug: true }

      at _log (node_modules/dotenv/lib/main.js:142:11)

  console.log
    [dotenv@17.2.3] injecting env (0) from .env -- tip: ≡ƒöÉ prevent committing .env to code: https://dotenvx.com/precommit

      at _log (node_modules/dotenv/lib/main.js:142:11)

  console.log
    ≡ƒöî DataSource Config: { isTest: true, NODE_ENV: 'test', type: 'sqljs' }

      at Object.<anonymous> (src/data-source.ts:15:9)

  console.log
    [dotenv@17.2.3] injecting env (0) from .env -- tip: ≡ƒöæ add access controls to secrets: https://dotenvx.com/ops

      at _log (node_modules/dotenv/lib/main.js:142:11)

node.exe : FAIL tests/auth.test.ts
At line:1 char:1
+ & "C:\Program Files\nodejs/node.exe" 
"C:\Users\S Jan Traders\AppData\ ...
+ ~~~~~~~~~~~~~~~~~~~~~~~~~~~~~~~~~~~~~~~~~~~~~~~~
~~~~~~~~~~~~~~~~~~~~~
    + CategoryInfo          : NotSpecified: (FAIL 
    tests/auth.test.ts:String) [], RemoteExcepti  
  on
    + FullyQualifiedErrorId : NativeCommandError
 
  ΓùÅ Test suite failed to run

    Jest encountered an unexpected token

    Jest failed to parse a file. This happens 
e.g. when your code or its dependencies use 
non-standard JavaScript syntax, or when Jest is 
not configured to support such syntax.

    Out of the box Jest supports Babel, which 
will be used to transform your files into valid 
JS based on your Babel configuration.

    By default "node_modules" folder is ignored 
by transformers.

    Here's what you can do:
     ΓÇó If you are trying to use ECMAScript 
Modules, see 
https://jestjs.io/docs/ecmascript-modules for how 
to enable it.
     ΓÇó If you are trying to use TypeScript, see 
https://jestjs.io/docs/getting-started#using-types
cript
     ΓÇó To have some of your "node_modules" 
files transformed, you can specify a custom 
"transformIgnorePatterns" in your config.
     ΓÇó If you need a custom transformation, 
specify a "transform" option in your config.
     ΓÇó If you simply want to mock your non-JS 
modules (e.g. binary assets) you can stub them 
out with the "moduleNameMapper" config option.

    You'll find more details and examples of 
these config options in the docs:
    https://jestjs.io/docs/configuration
    For information about custom transformations, 
see:
    https://jestjs.io/docs/code-transformation

    Details:

    C:\Users\SAR\Desktop\ZigletBackend2\node_modul
es\uuid\dist-node\index.js:1
    export { default as MAX } from './max.js';
    ^^^^^^

    SyntaxError: Unexpected token 'export'

    [0m [90m 1 |[39m [36mimport[39m { ethers 
} [36mfrom[39m [32m'ethers'[39m[33m;[39m
     [90m 2 |[39m [36mimport[39m jwt 
[36mfrom[39m [32m'jsonwebtoken'[39m[33m;[39m
    [31m[1m>[22m[39m[90m 3 |[39m 
[36mimport[39m { v4 [36mas[39m uuidv4 } 
[36mfrom[39m [32m'uuid'[39m[33m;[39m
     [90m   |[39m [31m[1m^[22m[39m
     [90m 4 |[39m [36mimport[39m redisClient 
[36mfrom[39m 
[32m'../config/redis'[39m[33m;[39m
     [90m 5 |[39m [36mimport[39m { 
[33mAppDataSource[39m } [36mfrom[39m 
[32m'../data-source'[39m[33m;[39m
     [90m 6 |[39m [36mimport[39m { 
[33mUser[39m } [36mfrom[39m [32m'../database/
entities/User'[39m[33m;[39m[0m

      at Runtime.createScriptFromCode 
(node_modules/jest-runtime/build/index.js:1318:40)
      at Object.<anonymous> 
(src/services/auth.service.ts:3:1)
      at Object.<anonymous> 
(src/controllers/auth.controller.ts:2:1)
      at Object.<anonymous> 
(src/routes/auth.routes.ts:2:1)
      at Object.<anonymous> (src/app.ts:21:1)
      at Object.<anonymous> 
(tests/auth.test.ts:2:1)

Test Suites: 1 failed, 1 total
Tests:       0 total
Snapshots:   0 total
Time:        7.398 s
Ran all test suites matching tests/auth.test.ts.
Force exiting Jest: Have you considered using 
`--detectOpenHandles` to detect async operations 
that kept running after all tests finished?
