≡ƒÜÇ Starting Pure API Verification Flow (Cosmos Native)...

--- STEP 1: Wallet Authentication (Cosmos) ---
≡ƒæñ Test Wallet (ZIG): zig1qy6eqzsl7k8j52vf3u6l5znwsuhm3vpzty06zk
≡ƒæñ Public Key: A+2rcJjaeI633Rk/B416hnufJZRX/xgVsh4sugjBDHVI
   -> Requesting Nonce...
   Γ£à Nonce Received: "Sign this message to verify ownership of wallet zig1qy6eqzsl7k8j52vf3u6l5znwsuhm3vpzty06zk. Nonce: 054f613c-e887-4d6f-9589-5d95ed31a26c"
   Γ£ì∩╕Å  Signed Nonce (Secp256k1)
   Γ£à Login Successful! JWT Token Valid.

--- STEP 2: Social Account Linking (Mock Mode) ---
node.exe :    Γ¥î Link 
Failed: { error: "Cannot 
read properties of undefined 
(reading 'id')" }
At line:1 char:1
+ & "C:\Program 
Files\nodejs/node.exe" 
"C:\Users\S Jan 
Traders\AppData\ ...
+ ~~~~~~~~~~~~~~~~~~~~~~~~~~~
~~~~~~~~~~~~~~~~~~~~~~~~~~~~~
~~~~~~~~~~~~~
    + CategoryInfo           
   : NotSpecified: (   Γ¥î   
  Link Fai...eading 'id')"   
  }:String) [], RemoteExc    
eption
    + FullyQualifiedErrorId  
   : NativeCommandError
 
